============================= test session starts =============================
platform win32 -- Python 3.14.0, pytest-7.4.4, pluggy-1.6.0
rootdir: C:\Users\LOQ\PycharmProjects\kalkulator-ai
configfile: pyproject.toml
plugins: hypothesis-6.148.7, cov-4.1.0, xdist-3.5.0
collected 7 items

tests\test_transcendental.py .....F.                                     [100%]

================================== FAILURES ===================================
_________________ TestTranscendentalFunctions.test_power_law __________________

self = <tests.test_transcendental.TestTranscendentalFunctions testMethod=test_power_law>

    def test_power_law(self):
        """Test finding f(x) = x^2.5 (power law)."""
        # f(1)=1, f(4)=32, f(9)=243
        data = [([1], 1), ([4], 32), ([9], 243)]
        success, func_str, _, error = find_function_from_data(data, ["x"])
        self.assertTrue(success, f"Failed to find x^2.5: {error}")
>       self.assertIn("x^2.5", func_str)
E       AssertionError: 'x^2.5' not found in 'x^5/2'

tests\test_transcendental.py:74: AssertionError

---------- coverage: platform win32, python 3.14.0-final-0 -----------
Name                                         Stmts   Miss  Cover   Missing
--------------------------------------------------------------------------
kalkulator_pkg\__init__.py                       3      0   100%
kalkulator_pkg\__main__.py                       3      3     0%   13-17
kalkulator_pkg\abpn.py                           0      0   100%
kalkulator_pkg\api.py                           64     64     0%   3-273
kalkulator_pkg\cache_manager.py                195    195     0%   10-449
kalkulator_pkg\calculus.py                      83     83     0%   3-142
kalkulator_pkg\cli.py                         3255   3255     0%   1-6558
kalkulator_pkg\config.py                        45      2    96%   32-34
kalkulator_pkg\function_finder_advanced.py     453    360    21%   24-25, 71-121, 143-201, 224-234, 250-257, 274-276, 293-295, 318-360, 382-426, 444-493, 509-821, 850, 875, 877, 879, 888, 893-895, 916, 935-942, 959, 967, 970-971
kalkulator_pkg\function_manager.py            2292   2106     8%   65-219, 234-269, 279, 288-291, 300-310, 325-359, 375-407, 426-481, 493-557, 579-602, 617-628, 645-688, 705-766, 794-1083, 1099-1243, 1250-1270, 1315-1358, 1369-1371, 1381, 1384, 1390-1391, 1398-1404, 1439-1480, 1521-1523, 1532-1535, 1540-1541, 1573-1612, 1636, 1639-1680, 1707-1714, 1746, 1752-1755, 1768-1771, 1782-1785, 1798-1823, 1836, 1842, 1848, 1868, 1872-4742, 4774-4874, 4888-4902, 4911-4914, 4926-4945, 4975-5026, 5037-5070, 5075-5100
kalkulator_pkg\logging_config.py                33     33     0%   3-89
kalkulator_pkg\parser.py                       614    614     0%   11-1343
kalkulator_pkg\plotting.py                     151    151     0%   3-295
kalkulator_pkg\regression_solver.py            271    271     0%   1-434
kalkulator_pkg\solver.py                      1115   1115     0%   22-2095
kalkulator_pkg\types.py                         81     43    47%   21-30, 65-78, 110-115, 131-133, 136, 143-145, 148, 157-160, 163
kalkulator_pkg\worker.py                       798    798     0%   1-1492
--------------------------------------------------------------------------
TOTAL                                         9456   9093     4%
Coverage HTML written to dir htmlcov
Coverage XML written to file coverage.xml

=========================== short test summary info ===========================
FAILED tests/test_transcendental.py::TestTranscendentalFunctions::test_power_law
========================= 1 failed, 6 passed in 8.41s =========================
